{
  "youtube#channel" : "youtube#channel",
  "UCJowOS1R0FnhipXVqEnYU1A" : "UCJowOS1R0FnhipXVqEnYU1A",
  "youtube#video" : "youtube#video",
  "Eqa2nAAhHN0" : "Eqa2nAAhHN0",
  "IirngItQuVs" : "IirngItQuVs"
}